// Jest Snapshot v1, https://goo.gl/fbAQLP

exports[`FavoriteCard is displayed correctly 1`] = `
<article
  className="favorites__card place-card"
>
  <div
    className="favorites__image-wrapper place-card__image-wrapper"
  />
  <div
    className="favorites__card-info place-card__info"
  >
    <div
      className="place-card__price-wrapper"
    >
      <div
        className="place-card__price"
      >
        <b
          className="place-card__price-value"
        >
          €
          120
        </b>
        <span
          className="place-card__price-text"
        >
          / night
        </span>
      </div>
      <button
        className="place-card__bookmark-button place-card__bookmark-button--active button"
        onClick={[Function]}
        type="button"
      >
        <svg
          className="place-card__bookmark-icon"
          height="19"
          width="18"
        >
          <use
            xlinkHref="#icon-bookmark"
          />
        </svg>
        <span
          className="visually-hidden"
        >
          In bookmarks
        </span>
      </button>
    </div>
    <div
      className="place-card__rating rating"
    >
      <div
        className="place-card__stars rating__stars"
      >
        <span
          style={
            Object {
              "width": "96%",
            }
          }
        />
        <span
          className="visually-hidden"
        >
          Rating
        </span>
      </div>
    </div>
    <h2
      className="place-card__name"
    />
    <p
      className="place-card__type"
    >
      apartment
    </p>
  </div>
</article>
`;
